// Jest Snapshot v1, https://goo.gl/fbAQLP

exports[`App tests should render default App component 1`] = `
<BrowserRouter>
  <Switch>
    <Route
      path="/workshop"
    >
      <Workshop />
    </Route>
    <Route
      path="/"
    >
      <AppLayout>
        <AppRoutes />
      </AppLayout>
    </Route>
  </Switch>
</BrowserRouter>
`;
